// Jest Snapshot v1, https://goo.gl/fbAQLP

exports[`Histogram Initially should have default markup 1`] = `undefined`;

exports[`Histogram when hovering over a non-empty bucket should have correct markup for tooltip 1`] = `
.c0 {
  margin: 0 16px;
  -webkit-transform: translateY(-50%);
  -ms-transform: translateY(-50%);
  transform: translateY(-50%);
  border: 1px solid #d3dae6;
  background: #ffffff;
  border-radius: 4px;
  font-size: 14px;
  color: #000000;
}

.c1 {
  background: #f5f7fa;
  border-bottom: 1px solid #d3dae6;
  border-radius: 4px 4px 0 0;
  padding: 8px;
  color: #98a2b3;
}

.c2 {
  margin: 8px;
  margin-right: 16px;
  font-size: 12px;
}

.c4 {
  color: #98a2b3;
  margin: 8px;
  font-size: 12px;
}

.c3 {
  color: #69707d;
  font-size: 14px;
}

<div
  className="rv-hint  rv-hint--horizontalAlign-right
     rv-hint--verticalAlign-bottom"
  style={
    Object {
      "left": 268.57142857142856,
      "marginLeft": "1%",
      "marginRight": "1%",
      "position": "absolute",
      "top": 72,
    }
  }
>
  <styled.div>
    <div
      className="c0"
    >
      <styled.div>
        <div
          className="c1"
        >
          811 - 927 ms
        </div>
      </styled.div>
      <styled.div>
        <div
          className="c2"
        >
          <styled.div>
            <div
              className="c3"
            >
              49.0 occurrences
            </div>
          </styled.div>
        </div>
      </styled.div>
      <styled.div>
        <div
          className="c4"
        />
      </styled.div>
    </div>
  </styled.div>
</div>
`;
