// Jest Snapshot v1, https://goo.gl/fbAQLP

exports[`Stackframe when stackframe has source lines should render correctly 1`] = `undefined`;
